Running: -1
Reading from: "data_nproma20480/global_data.t1.1.data"
Reading from: "data_nproma20480/global_data.t0.1.data"
Reading from: "data_nproma20480/istep.1.data"
Reading from: "data_nproma20480/p_prog.t0.1.data"
Reading from: "data_nproma20480/ldeepatmo.1.data"
Reading from: "data_nproma20480/lvn_only.1.data"
Reading from: "data_nproma20480/ntnd.1.data"
Reading from: "data_nproma20480/p_int.1.data"
Reading from: "data_nproma20480/p_prog.t1.1.data"
Reading from: "data_nproma20480/p_patch.1.data"
Reading from: "data_nproma20480/z_kin_hor_e.t1.1.data"
Reading from: "data_nproma20480/z_vt_ie.t0.1.data"
Reading from: "data_nproma20480/p_metrics.t1.1.data"
Reading from: "data_nproma20480/dtime.1.data"
Reading from: "data_nproma20480/dt_linintp_ubc.1.data"
Reading from: "data_nproma20480/p_diag.t0.1.data"
Reading from: "data_nproma20480/z_w_concorr_me.t0.1.data"
Reading from: "data_nproma20480/z_w_concorr_me.t1.1.data"
Reading from: "data_nproma20480/p_metrics.t0.1.data"
Reading from: "data_nproma20480/z_kin_hor_e.t0.1.data"
Reading from: "data_nproma20480/p_diag.t1.1.data"
Reading from: "data_nproma20480/z_vt_ie.t1.1.data"
Step 1 variables, extra_diffu: 1, istep: 1, lvn_only: 0, ldeepatmo: 0
Iteration: 0
CUDA Events Based Total time: 2617.34 us
Iteration: 1
CUDA Events Based Total time: 911.36 us
Iteration: 2
CUDA Events Based Total time: 906.24 us
Iteration: 3
CUDA Events Based Total time: 907.264 us
Iteration: 4
CUDA Events Based Total time: 905.216 us
Iteration: 5
CUDA Events Based Total time: 909.312 us
Iteration: 6
CUDA Events Based Total time: 910.336 us
Iteration: 7
CUDA Events Based Total time: 903.168 us
Iteration: 8
CUDA Events Based Total time: 906.24 us
Iteration: 9
CUDA Events Based Total time: 916.48 us
Iteration: 10
CUDA Events Based Total time: 904.192 us
Iteration: 11
CUDA Events Based Total time: 906.24 us
Iteration: 12
CUDA Events Based Total time: 907.264 us
Iteration: 13
CUDA Events Based Total time: 906.24 us
Iteration: 14
CUDA Events Based Total time: 915.456 us
Iteration: 15
CUDA Events Based Total time: 907.264 us
Iteration: 16
CUDA Events Based Total time: 904.192 us
Iteration: 17
CUDA Events Based Total time: 912.384 us
Iteration: 18
CUDA Events Based Total time: 902.144 us
Iteration: 19
CUDA Events Based Total time: 908.288 us
Step 1 done.
Writing to: "global_data_1.got"
Writing to: "global_data_1.want"
Writing to: "p_diag_1.got"
Writing to: "p_diag_1.want"
Writing to: "p_prog_1.want"
Writing to: "p_prog_1.got"
Writing to: "z_kin_hor_e_1.got"
Writing to: "z_kin_hor_e_1.want"
Writing to: "z_vt_ie_1.want"
Writing to: "z_w_concorr_me_1.got"
Writing to: "z_vt_ie_1.got"
Writing to: "p_metrics_1.got"
Writing to: "z_w_concorr_me_1.want"
Writing to: "p_metrics_1.want"
Reading from: "data_nproma20480/global_data.t1.2.data"
Reading from: "data_nproma20480/global_data.t0.2.data"
Reading from: "data_nproma20480/p_prog.t1.2.data"
Reading from: "data_nproma20480/istep.2.data"
Reading from: "data_nproma20480/ldeepatmo.2.data"
Reading from: "data_nproma20480/ntnd.2.data"
Reading from: "data_nproma20480/lvn_only.2.data"
Reading from: "data_nproma20480/dt_linintp_ubc.2.data"
Reading from: "data_nproma20480/dtime.2.data"
Reading from: "data_nproma20480/z_kin_hor_e.t1.2.data"
Reading from: "data_nproma20480/z_kin_hor_e.t0.2.data"
Reading from: "data_nproma20480/p_patch.2.data"
Reading from: "data_nproma20480/p_int.2.data"
Reading from: "data_nproma20480/z_vt_ie.t0.2.data"
Reading from: "data_nproma20480/z_vt_ie.t1.2.data"
Reading from: "data_nproma20480/z_w_concorr_me.t1.2.data"
Reading from: "data_nproma20480/z_w_concorr_me.t0.2.data"
Reading from: "data_nproma20480/p_diag.t1.2.data"
Reading from: "data_nproma20480/p_metrics.t0.2.data"
Reading from: "data_nproma20480/p_metrics.t1.2.data"
Reading from: "data_nproma20480/p_diag.t0.2.data"
Reading from: "data_nproma20480/p_prog.t0.2.data"
Step 2 variables, extra_diffu: 1, istep: 2, lvn_only: 0, ldeepatmo: 0
Iteration: 0
CUDA Events Based Total time: 1346.56 us
Iteration: 1
CUDA Events Based Total time: 644.096 us
Iteration: 2
CUDA Events Based Total time: 637.952 us
Iteration: 3
CUDA Events Based Total time: 645.12 us
Iteration: 4
CUDA Events Based Total time: 646.144 us
Iteration: 5
CUDA Events Based Total time: 645.12 us
Iteration: 6
CUDA Events Based Total time: 642.048 us
Iteration: 7
CUDA Events Based Total time: 649.216 us
Iteration: 8
CUDA Events Based Total time: 636.928 us
Iteration: 9
CUDA Events Based Total time: 641.024 us
Iteration: 10
CUDA Events Based Total time: 646.144 us
Iteration: 11
CUDA Events Based Total time: 643.072 us
Iteration: 12
CUDA Events Based Total time: 640 us
Iteration: 13
CUDA Events Based Total time: 638.976 us
Iteration: 14
CUDA Events Based Total time: 641.024 us
Iteration: 15
CUDA Events Based Total time: 643.072 us
Iteration: 16
CUDA Events Based Total time: 652.288 us
Iteration: 17
CUDA Events Based Total time: 641.024 us
Iteration: 18
CUDA Events Based Total time: 643.072 us
Iteration: 19
CUDA Events Based Total time: 643.072 us
Step 2 done.
Writing to: "global_data_2.got"
Writing to: "global_data_2.want"
Writing to: "p_diag_2.got"
Writing to: "p_diag_2.want"
Writing to: "p_prog_2.want"
Writing to: "p_prog_2.got"
Writing to: "z_kin_hor_e_2.got"
Writing to: "z_kin_hor_e_2.want"
Writing to: "z_vt_ie_2.want"
Writing to: "z_w_concorr_me_2.want"
Writing to: "z_vt_ie_2.got"
Writing to: "z_w_concorr_me_2.got"
Writing to: "p_metrics_2.got"
Writing to: "p_metrics_2.want"
Reading from: "data_nproma20480/global_data.t1.7.data"
Reading from: "data_nproma20480/global_data.t0.7.data"
Reading from: "data_nproma20480/p_prog.t1.7.data"
Reading from: "data_nproma20480/ntnd.7.data"
Reading from: "data_nproma20480/p_prog.t0.7.data"
Reading from: "data_nproma20480/z_kin_hor_e.t1.7.data"
Reading from: "data_nproma20480/z_kin_hor_e.t0.7.data"
Reading from: "data_nproma20480/istep.7.data"
Reading from: "data_nproma20480/ldeepatmo.7.data"
Reading from: "data_nproma20480/dtime.7.data"
Reading from: "data_nproma20480/lvn_only.7.data"
Reading from: "data_nproma20480/dt_linintp_ubc.7.data"
Reading from: "data_nproma20480/z_vt_ie.t0.7.data"
Reading from: "data_nproma20480/z_vt_ie.t1.7.data"
Reading from: "data_nproma20480/p_patch.7.data"
Reading from: "data_nproma20480/z_w_concorr_me.t0.7.data"
Reading from: "data_nproma20480/z_w_concorr_me.t1.7.data"
Reading from: "data_nproma20480/p_int.7.data"
Reading from: "data_nproma20480/p_metrics.t1.7.data"
Reading from: "data_nproma20480/p_diag.t0.7.data"
Reading from: "data_nproma20480/p_diag.t1.7.data"
Reading from: "data_nproma20480/p_metrics.t0.7.data"
Step 7 variables, extra_diffu: 1, istep: 1, lvn_only: 1, ldeepatmo: 0
CUDA Events Based Total time: 1353.73 us
CUDA Events Based Total time: 654.336 us
CUDA Events Based Total time: 656.384 us
CUDA Events Based Total time: 662.528 us
CUDA Events Based Total time: 654.336 us
CUDA Events Based Total time: 656.384 us
CUDA Events Based Total time: 653.312 us
CUDA Events Based Total time: 656.384 us
CUDA Events Based Total time: 658.432 us
CUDA Events Based Total time: 658.432 us
CUDA Events Based Total time: 657.408 us
CUDA Events Based Total time: 653.312 us
CUDA Events Based Total time: 656.384 us
CUDA Events Based Total time: 653.312 us
CUDA Events Based Total time: 679.936 us
CUDA Events Based Total time: 652.288 us
CUDA Events Based Total time: 654.336 us
CUDA Events Based Total time: 652.288 us
CUDA Events Based Total time: 655.36 us
CUDA Events Based Total time: 654.336 us
Step 7 done.
Writing to: "global_data_7.got"
Writing to: "global_data_7.want"
Writing to: "z_w_concorr_me_7.got"
Writing to: "p_diag_7.got"
Writing to: "p_diag_7.want"
Writing to: "p_prog_7.want"
Writing to: "z_w_concorr_me_7.want"
Writing to: "z_vt_ie_7.want"
Writing to: "p_prog_7.got"
Writing to: "z_vt_ie_7.got"
Writing to: "z_kin_hor_e_7.got"
Writing to: "z_kin_hor_e_7.want"
Writing to: "p_metrics_7.got"
Writing to: "p_metrics_7.want"
Reading from: "data_nproma20480/global_data.t0.9.data"
Reading from: "data_nproma20480/p_patch.9.data"
Reading from: "data_nproma20480/ldeepatmo.9.data"
Reading from: "data_nproma20480/dt_linintp_ubc.9.data"
Reading from: "data_nproma20480/istep.9.data"
Reading from: "data_nproma20480/p_prog.t0.9.data"
Reading from: "data_nproma20480/ntnd.9.data"
Reading from: "data_nproma20480/lvn_only.9.data"
Reading from: "data_nproma20480/dtime.9.data"
Reading from: "data_nproma20480/z_vt_ie.t0.9.data"
Reading from: "data_nproma20480/global_data.t1.9.data"
Reading from: "data_nproma20480/z_vt_ie.t1.9.data"
Reading from: "data_nproma20480/z_w_concorr_me.t0.9.data"
Reading from: "data_nproma20480/p_prog.t1.9.data"
Reading from: "data_nproma20480/z_w_concorr_me.t1.9.data"
Reading from: "data_nproma20480/p_int.9.data"
Reading from: "data_nproma20480/z_kin_hor_e.t0.9.data"
Reading from: "data_nproma20480/z_kin_hor_e.t1.9.data"
Reading from: "data_nproma20480/p_metrics.t0.9.data"
Reading from: "data_nproma20480/p_metrics.t1.9.data"
Reading from: "data_nproma20480/p_diag.t0.9.data"
Reading from: "data_nproma20480/p_diag.t1.9.data"
Step 9 variables, extra_diffu: 1, istep: 2, lvn_only: 0, ldeepatmo: 0
Iteration: 0
CUDA Events Based Total time: 652.288 us
Iteration: 1
CUDA Events Based Total time: 642.048 us
Iteration: 2
CUDA Events Based Total time: 643.072 us
Iteration: 3
CUDA Events Based Total time: 635.904 us
Iteration: 4
CUDA Events Based Total time: 646.144 us
Iteration: 5
CUDA Events Based Total time: 642.048 us
Iteration: 6
CUDA Events Based Total time: 634.88 us
Iteration: 7
CUDA Events Based Total time: 644.096 us
Iteration: 8
CUDA Events Based Total time: 643.072 us
Iteration: 9
CUDA Events Based Total time: 638.976 us
Iteration: 10
CUDA Events Based Total time: 647.168 us
Iteration: 11
CUDA Events Based Total time: 644.096 us
Iteration: 12
CUDA Events Based Total time: 649.216 us
Iteration: 13
CUDA Events Based Total time: 642.048 us
Iteration: 14
CUDA Events Based Total time: 637.952 us
Iteration: 15
CUDA Events Based Total time: 643.072 us
Iteration: 16
CUDA Events Based Total time: 645.12 us
Iteration: 17
CUDA Events Based Total time: 641.024 us
Iteration: 18
CUDA Events Based Total time: 640 us
Iteration: 19
CUDA Events Based Total time: 646.144 us
Step 9 done.
Writing to: "global_data_9.got"
Writing to: "global_data_9.want"
Writing to: "p_diag_9.got"
Writing to: "p_diag_9.want"
Writing to: "p_prog_9.want"
Writing to: "p_prog_9.got"
Writing to: "z_kin_hor_e_9.got"
Writing to: "z_kin_hor_e_9.want"
Writing to: "z_vt_ie_9.want"
Writing to: "z_w_concorr_me_9.want"
Writing to: "z_vt_ie_9.got"
Writing to: "p_metrics_9.want"
Writing to: "z_w_concorr_me_9.got"
Writing to: "p_metrics_9.got"
Reading from: "data_nproma20480/global_data.t1.43.data"
Reading from: "data_nproma20480/global_data.t0.43.data"
Reading from: "data_nproma20480/p_prog.t1.43.data"
Reading from: "data_nproma20480/ldeepatmo.43.data"
Reading from: "data_nproma20480/lvn_only.43.data"
Reading from: "data_nproma20480/z_kin_hor_e.t0.43.data"
Reading from: "data_nproma20480/p_prog.t0.43.data"
Reading from: "data_nproma20480/z_kin_hor_e.t1.43.data"
Reading from: "data_nproma20480/p_patch.43.data"
Reading from: "data_nproma20480/istep.43.data"
Reading from: "data_nproma20480/dt_linintp_ubc.43.data"
Reading from: "data_nproma20480/z_vt_ie.t1.43.data"
Reading from: "data_nproma20480/z_vt_ie.t0.43.data"
Reading from: "data_nproma20480/p_int.43.data"
Reading from: "data_nproma20480/ntnd.43.data"
Reading from: "data_nproma20480/dtime.43.data"
Reading from: "data_nproma20480/z_w_concorr_me.t0.43.data"
Reading from: "data_nproma20480/z_w_concorr_me.t1.43.data"
Reading from: "data_nproma20480/p_metrics.t1.43.data"
Reading from: "data_nproma20480/p_metrics.t0.43.data"
Reading from: "data_nproma20480/p_diag.t0.43.data"
Reading from: "data_nproma20480/p_diag.t1.43.data"
Step 43 variables, extra_diffu: 1, istep: 1, lvn_only: 1, ldeepatmo: 0
CUDA Events Based Total time: 650.24 us
CUDA Events Based Total time: 652.288 us
CUDA Events Based Total time: 653.312 us
CUDA Events Based Total time: 655.36 us
CUDA Events Based Total time: 655.36 us
CUDA Events Based Total time: 656.384 us
CUDA Events Based Total time: 656.384 us
CUDA Events Based Total time: 656.384 us
CUDA Events Based Total time: 649.216 us
CUDA Events Based Total time: 656.384 us
CUDA Events Based Total time: 661.504 us
CUDA Events Based Total time: 653.312 us
CUDA Events Based Total time: 654.336 us
CUDA Events Based Total time: 659.456 us
CUDA Events Based Total time: 666.624 us
CUDA Events Based Total time: 665.6 us
CUDA Events Based Total time: 655.36 us
CUDA Events Based Total time: 652.288 us
CUDA Events Based Total time: 660.48 us
CUDA Events Based Total time: 660.48 us
Step 43 done.
Writing to: "global_data_43.got"
Writing to: "z_w_concorr_me_43.got"
Writing to: "z_w_concorr_me_43.want"
Writing to: "z_vt_ie_43.want"
Writing to: "global_data_43.want"
Writing to: "p_diag_43.want"
Writing to: "z_vt_ie_43.got"
Writing to: "z_kin_hor_e_43.want"
Writing to: "p_prog_43.got"
Writing to: "p_diag_43.got"
Writing to: "z_kin_hor_e_43.got"
Writing to: "p_metrics_43.got"
Writing to: "p_prog_43.want"
Writing to: "p_metrics_43.want"
Reading from: "data_nproma20480/global_data.t0.93.data"
Reading from: "data_nproma20480/global_data.t1.93.data"
Reading from: "data_nproma20480/p_patch.93.data"
Reading from: "data_nproma20480/ldeepatmo.93.data"
Reading from: "data_nproma20480/lvn_only.93.data"
Reading from: "data_nproma20480/dt_linintp_ubc.93.data"
Reading from: "data_nproma20480/ntnd.93.data"
Reading from: "data_nproma20480/istep.93.data"
Reading from: "data_nproma20480/z_kin_hor_e.t1.93.data"
Reading from: "data_nproma20480/p_int.93.data"
Reading from: "data_nproma20480/dtime.93.data"
Reading from: "data_nproma20480/z_w_concorr_me.t0.93.data"
Reading from: "data_nproma20480/p_prog.t1.93.data"
Reading from: "data_nproma20480/z_w_concorr_me.t1.93.data"
Reading from: "data_nproma20480/p_metrics.t1.93.data"
Reading from: "data_nproma20480/z_kin_hor_e.t0.93.data"
Reading from: "data_nproma20480/z_vt_ie.t0.93.data"
Reading from: "data_nproma20480/z_vt_ie.t1.93.data"
Reading from: "data_nproma20480/p_diag.t1.93.data"
Reading from: "data_nproma20480/p_diag.t0.93.data"
Reading from: "data_nproma20480/p_metrics.t0.93.data"
Reading from: "data_nproma20480/p_prog.t0.93.data"
Step 93 variables, extra_diffu: 1, istep: 2, lvn_only: 0, ldeepatmo: 0
Iteration: 0
CUDA Events Based Total time: 642.048 us
Iteration: 1
CUDA Events Based Total time: 642.048 us
Iteration: 2
CUDA Events Based Total time: 642.048 us
Iteration: 3
CUDA Events Based Total time: 647.168 us
Iteration: 4
CUDA Events Based Total time: 649.216 us
Iteration: 5
CUDA Events Based Total time: 641.024 us
Iteration: 6
CUDA Events Based Total time: 643.072 us
Iteration: 7
CUDA Events Based Total time: 642.048 us
Iteration: 8
CUDA Events Based Total time: 642.048 us
Iteration: 9
CUDA Events Based Total time: 640 us
Iteration: 10
CUDA Events Based Total time: 641.024 us
Iteration: 11
CUDA Events Based Total time: 637.952 us
Iteration: 12
CUDA Events Based Total time: 640 us
Iteration: 13
CUDA Events Based Total time: 648.192 us
Iteration: 14
CUDA Events Based Total time: 643.072 us
Iteration: 15
CUDA Events Based Total time: 642.048 us
Iteration: 16
CUDA Events Based Total time: 643.072 us
Iteration: 17
CUDA Events Based Total time: 644.096 us
Iteration: 18
CUDA Events Based Total time: 661.504 us
Iteration: 19
CUDA Events Based Total time: 644.096 us
Step 93 done.
Writing to: "global_data_93.got"
Writing to: "global_data_93.want"
Writing to: "p_diag_93.got"
Writing to: "p_diag_93.want"
Writing to: "p_prog_93.want"
Writing to: "z_kin_hor_e_93.got"
Writing to: "z_kin_hor_e_93.want"
Writing to: "z_vt_ie_93.want"
Writing to: "z_w_concorr_me_93.got"
Writing to: "p_prog_93.got"
Writing to: "z_w_concorr_me_93.want"
Writing to: "z_vt_ie_93.got"
Writing to: "p_metrics_93.want"
Writing to: "p_metrics_93.got"
Reading from: "data_nproma20480/global_data.t1.463.data"
Reading from: "data_nproma20480/p_int.463.data"
Reading from: "data_nproma20480/global_data.t0.463.data"
Reading from: "data_nproma20480/lvn_only.463.data"
Reading from: "data_nproma20480/dt_linintp_ubc.463.data"
Reading from: "data_nproma20480/ntnd.463.data"
Reading from: "data_nproma20480/dtime.463.data"
Reading from: "data_nproma20480/p_diag.t1.463.data"
Reading from: "data_nproma20480/istep.463.data"
Reading from: "data_nproma20480/p_patch.463.data"
Reading from: "data_nproma20480/z_vt_ie.t1.463.data"
Reading from: "data_nproma20480/ldeepatmo.463.data"
Reading from: "data_nproma20480/z_kin_hor_e.t1.463.data"
Reading from: "data_nproma20480/z_kin_hor_e.t0.463.data"
Reading from: "data_nproma20480/z_w_concorr_me.t0.463.data"
Reading from: "data_nproma20480/p_prog.t1.463.data"
Reading from: "data_nproma20480/p_prog.t0.463.data"
Reading from: "data_nproma20480/z_w_concorr_me.t1.463.data"
Reading from: "data_nproma20480/p_diag.t0.463.data"
Reading from: "data_nproma20480/z_vt_ie.t0.463.data"
Reading from: "data_nproma20480/p_metrics.t1.463.data"
Reading from: "data_nproma20480/p_metrics.t0.463.data"
Step 463 variables, extra_diffu: 1, istep: 1, lvn_only: 1, ldeepatmo: 0
CUDA Events Based Total time: 661.504 us
CUDA Events Based Total time: 652.288 us
CUDA Events Based Total time: 653.312 us
CUDA Events Based Total time: 654.336 us
CUDA Events Based Total time: 656.384 us
CUDA Events Based Total time: 651.264 us
CUDA Events Based Total time: 653.312 us
CUDA Events Based Total time: 655.36 us
CUDA Events Based Total time: 654.336 us
CUDA Events Based Total time: 660.48 us
CUDA Events Based Total time: 658.432 us
CUDA Events Based Total time: 657.408 us
CUDA Events Based Total time: 653.312 us
CUDA Events Based Total time: 651.264 us
CUDA Events Based Total time: 655.36 us
CUDA Events Based Total time: 657.408 us
CUDA Events Based Total time: 656.384 us
CUDA Events Based Total time: 659.456 us
CUDA Events Based Total time: 657.408 us
CUDA Events Based Total time: 655.36 us
Step 463 done.
Writing to: "global_data_463.got"
Writing to: "global_data_463.want"
Writing to: "p_diag_463.got"
Writing to: "p_diag_463.want"
Writing to: "p_prog_463.want"
Writing to: "z_vt_ie_463.got"
Writing to: "p_prog_463.got"
Writing to: "z_kin_hor_e_463.got"
Writing to: "z_kin_hor_e_463.want"
Writing to: "z_w_concorr_me_463.want"
Writing to: "z_vt_ie_463.want"
Writing to: "z_w_concorr_me_463.got"
Writing to: "p_metrics_463.got"
Writing to: "p_metrics_463.want"
Reading from: "data_nproma20480/p_int.519.data"
Reading from: "data_nproma20480/p_metrics.t1.519.data"
Reading from: "data_nproma20480/p_metrics.t0.519.data"
Reading from: "data_nproma20480/ldeepatmo.519.data"
Reading from: "data_nproma20480/ntnd.519.data"
Reading from: "data_nproma20480/global_data.t0.519.data"
Reading from: "data_nproma20480/dtime.519.data"
Reading from: "data_nproma20480/z_w_concorr_me.t0.519.data"
Reading from: "data_nproma20480/dt_linintp_ubc.519.data"
Reading from: "data_nproma20480/istep.519.data"
Reading from: "data_nproma20480/z_w_concorr_me.t1.519.data"
Reading from: "data_nproma20480/global_data.t1.519.data"
Reading from: "data_nproma20480/p_diag.t0.519.data"
Reading from: "data_nproma20480/z_vt_ie.t0.519.data"
Reading from: "data_nproma20480/z_kin_hor_e.t0.519.data"
Reading from: "data_nproma20480/p_patch.519.data"
Reading from: "data_nproma20480/lvn_only.519.data"
Reading from: "data_nproma20480/p_prog.t0.519.data"
Reading from: "data_nproma20480/p_prog.t1.519.data"
Reading from: "data_nproma20480/z_vt_ie.t1.519.data"
Reading from: "data_nproma20480/z_kin_hor_e.t1.519.data"
Reading from: "data_nproma20480/p_diag.t1.519.data"
Step 519 variables, extra_diffu: 1, istep: 2, lvn_only: 0, ldeepatmo: 0
Iteration: 0
CUDA Events Based Total time: 644.096 us
Iteration: 1
CUDA Events Based Total time: 646.144 us
Iteration: 2
CUDA Events Based Total time: 644.096 us
Iteration: 3
CUDA Events Based Total time: 668.672 us
Iteration: 4
CUDA Events Based Total time: 640 us
Iteration: 5
CUDA Events Based Total time: 645.12 us
Iteration: 6
CUDA Events Based Total time: 647.168 us
Iteration: 7
CUDA Events Based Total time: 641.024 us
Iteration: 8
CUDA Events Based Total time: 641.024 us
Iteration: 9
CUDA Events Based Total time: 640 us
Iteration: 10
CUDA Events Based Total time: 646.144 us
Iteration: 11
CUDA Events Based Total time: 642.048 us
Iteration: 12
CUDA Events Based Total time: 644.096 us
Iteration: 13
CUDA Events Based Total time: 649.216 us
Iteration: 14
CUDA Events Based Total time: 644.096 us
Iteration: 15
CUDA Events Based Total time: 645.12 us
Iteration: 16
CUDA Events Based Total time: 645.12 us
Iteration: 17
CUDA Events Based Total time: 641.024 us
Iteration: 18
CUDA Events Based Total time: 646.144 us
Iteration: 19
CUDA Events Based Total time: 642.048 us
Step 519 done.
Writing to: "global_data_519.got"
Writing to: "global_data_519.want"
Writing to: "p_diag_519.got"
Writing to: "p_diag_519.want"
Writing to: "p_prog_519.want"
Writing to: "p_prog_519.got"
Writing to: "z_kin_hor_e_519.got"
Writing to: "z_kin_hor_e_519.want"
Writing to: "z_w_concorr_me_519.want"
Writing to: "z_vt_ie_519.want"
Writing to: "z_w_concorr_me_519.got"
Writing to: "z_vt_ie_519.got"
Writing to: "p_metrics_519.got"
Writing to: "p_metrics_519.want"
Reading from: "data_nproma20480/global_data.t0.1140.data"
Reading from: "data_nproma20480/p_patch.1140.data"
Reading from: "data_nproma20480/global_data.t1.1140.data"
Reading from: "data_nproma20480/p_prog.t1.1140.data"
Reading from: "data_nproma20480/ldeepatmo.1140.data"
Reading from: "data_nproma20480/istep.1140.data"
Reading from: "data_nproma20480/ntnd.1140.data"
Reading from: "data_nproma20480/lvn_only.1140.data"
Reading from: "data_nproma20480/z_kin_hor_e.t0.1140.data"
Reading from: "data_nproma20480/p_int.1140.data"
Reading from: "data_nproma20480/z_w_concorr_me.t1.1140.data"
Reading from: "data_nproma20480/z_w_concorr_me.t0.1140.data"
Reading from: "data_nproma20480/p_metrics.t1.1140.data"
Reading from: "data_nproma20480/z_vt_ie.t1.1140.data"
Reading from: "data_nproma20480/z_kin_hor_e.t1.1140.data"
Reading from: "data_nproma20480/p_prog.t0.1140.data"
Reading from: "data_nproma20480/dtime.1140.data"
Reading from: "data_nproma20480/dt_linintp_ubc.1140.data"
Reading from: "data_nproma20480/z_vt_ie.t0.1140.data"
Reading from: "data_nproma20480/p_metrics.t0.1140.data"
Reading from: "data_nproma20480/p_diag.t1.1140.data"
Reading from: "data_nproma20480/p_diag.t0.1140.data"
Step 1140 variables, extra_diffu: 1, istep: 2, lvn_only: 0, ldeepatmo: 0
Iteration: 0
CUDA Events Based Total time: 642.048 us
Iteration: 1
CUDA Events Based Total time: 656.384 us
Iteration: 2
CUDA Events Based Total time: 644.096 us
Iteration: 3
CUDA Events Based Total time: 642.048 us
Iteration: 4
CUDA Events Based Total time: 645.12 us
Iteration: 5
CUDA Events Based Total time: 640 us
Iteration: 6
CUDA Events Based Total time: 643.072 us
Iteration: 7
CUDA Events Based Total time: 642.048 us
Iteration: 8
CUDA Events Based Total time: 641.024 us
Iteration: 9
CUDA Events Based Total time: 643.072 us
Iteration: 10
CUDA Events Based Total time: 643.072 us
Iteration: 11
CUDA Events Based Total time: 638.976 us
Iteration: 12
CUDA Events Based Total time: 647.168 us
Iteration: 13
CUDA Events Based Total time: 640 us
Iteration: 14
CUDA Events Based Total time: 636.928 us
Iteration: 15
CUDA Events Based Total time: 648.192 us
Iteration: 16
CUDA Events Based Total time: 641.024 us
Iteration: 17
CUDA Events Based Total time: 645.12 us
Iteration: 18
CUDA Events Based Total time: 644.096 us
Iteration: 19
CUDA Events Based Total time: 636.928 us
Step 1140 done.
Writing to: "global_data_1140.got"
Writing to: "global_data_1140.want"
Writing to: "p_diag_1140.got"
Writing to: "p_diag_1140.want"
Writing to: "p_prog_1140.want"
Writing to: "z_w_concorr_me_1140.got"
Writing to: "p_prog_1140.got"
Writing to: "z_kin_hor_e_1140.got"
Writing to: "z_kin_hor_e_1140.want"
Writing to: "z_vt_ie_1140.want"
Writing to: "z_w_concorr_me_1140.want"
Writing to: "z_vt_ie_1140.got"
Writing to: "p_metrics_1140.got"
Writing to: "p_metrics_1140.want"
Reading from: "data_nproma20480/global_data.t1.1814.data"
Reading from: "data_nproma20480/p_patch.1814.data"
Reading from: "data_nproma20480/global_data.t0.1814.data"
Reading from: "data_nproma20480/lvn_only.1814.data"
Reading from: "data_nproma20480/ntnd.1814.data"
Reading from: "data_nproma20480/ldeepatmo.1814.data"
Reading from: "data_nproma20480/z_kin_hor_e.t1.1814.data"
Reading from: "data_nproma20480/dt_linintp_ubc.1814.data"
Reading from: "data_nproma20480/istep.1814.data"
Reading from: "data_nproma20480/dtime.1814.data"
Reading from: "data_nproma20480/p_prog.t0.1814.data"
Reading from: "data_nproma20480/z_w_concorr_me.t0.1814.data"
Reading from: "data_nproma20480/p_metrics.t0.1814.data"
Reading from: "data_nproma20480/p_metrics.t1.1814.data"
Reading from: "data_nproma20480/p_prog.t1.1814.data"
Reading from: "data_nproma20480/z_w_concorr_me.t1.1814.data"
Reading from: "data_nproma20480/z_vt_ie.t0.1814.data"
Reading from: "data_nproma20480/z_vt_ie.t1.1814.data"
Reading from: "data_nproma20480/z_kin_hor_e.t0.1814.data"
Reading from: "data_nproma20480/p_diag.t0.1814.data"
Reading from: "data_nproma20480/p_int.1814.data"
Reading from: "data_nproma20480/p_diag.t1.1814.data"
Step 1814 variables, extra_diffu: 1, istep: 2, lvn_only: 0, ldeepatmo: 0
Iteration: 0
CUDA Events Based Total time: 647.168 us
Iteration: 1
CUDA Events Based Total time: 647.168 us
Iteration: 2
CUDA Events Based Total time: 645.12 us
Iteration: 3
CUDA Events Based Total time: 649.216 us
Iteration: 4
CUDA Events Based Total time: 645.12 us
Iteration: 5
CUDA Events Based Total time: 647.168 us
Iteration: 6
CUDA Events Based Total time: 645.12 us
Iteration: 7
CUDA Events Based Total time: 643.072 us
Iteration: 8
CUDA Events Based Total time: 643.072 us
Iteration: 9
CUDA Events Based Total time: 642.048 us
Iteration: 10
CUDA Events Based Total time: 641.024 us
Iteration: 11
CUDA Events Based Total time: 642.048 us
Iteration: 12
CUDA Events Based Total time: 646.144 us
Iteration: 13
CUDA Events Based Total time: 643.072 us
Iteration: 14
CUDA Events Based Total time: 643.072 us
Iteration: 15
CUDA Events Based Total time: 646.144 us
Iteration: 16
CUDA Events Based Total time: 643.072 us
Iteration: 17
CUDA Events Based Total time: 638.976 us
Iteration: 18
CUDA Events Based Total time: 643.072 us
Iteration: 19
CUDA Events Based Total time: 642.048 us
