Running: -1
Reading from: "data_nproma20480/p_int.1.data"
Reading from: "data_nproma20480/p_prog.t0.1.data"
Reading from: "data_nproma20480/p_patch.1.data"
Reading from: "data_nproma20480/p_prog.t1.1.data"
Reading from: "data_nproma20480/global_data.t1.1.data"
Reading from: "data_nproma20480/p_metrics.t1.1.data"
Reading from: "data_nproma20480/global_data.t0.1.data"
Reading from: "data_nproma20480/p_metrics.t0.1.data"
Reading from: "data_nproma20480/istep.1.data"
Reading from: "data_nproma20480/z_kin_hor_e.t1.1.data"
Reading from: "data_nproma20480/z_w_concorr_me.t1.1.data"
Reading from: "data_nproma20480/z_kin_hor_e.t0.1.data"
Reading from: "data_nproma20480/lvn_only.1.data"
Reading from: "data_nproma20480/z_w_concorr_me.t0.1.data"
Reading from: "data_nproma20480/p_diag.t1.1.data"
Reading from: "data_nproma20480/z_vt_ie.t1.1.data"
Reading from: "data_nproma20480/ntnd.1.data"
Reading from: "data_nproma20480/p_diag.t0.1.data"
Reading from: "data_nproma20480/dtime.1.data"
Reading from: "data_nproma20480/dt_linintp_ubc.1.data"
Reading from: "data_nproma20480/ldeepatmo.1.data"
Reading from: "data_nproma20480/z_vt_ie.t0.1.data"
Step 1 variables, extra_diffu: 1, istep: 1, lvn_only: 0, ldeepatmo: 0
Iteration: 0
CUDA Events Based Total time: 2046.4 us
Iteration: 1
CUDA Events Based Total time: 460.768 us
Iteration: 2
CUDA Events Based Total time: 461.536 us
Iteration: 3
CUDA Events Based Total time: 449.6 us
Iteration: 4
CUDA Events Based Total time: 460.384 us
Iteration: 5
CUDA Events Based Total time: 455.968 us
Iteration: 6
CUDA Events Based Total time: 435.232 us
Iteration: 7
CUDA Events Based Total time: 453.696 us
Iteration: 8
CUDA Events Based Total time: 446.08 us
Iteration: 9
CUDA Events Based Total time: 451.52 us
Iteration: 10
CUDA Events Based Total time: 443.936 us
Iteration: 11
CUDA Events Based Total time: 450.368 us
Iteration: 12
CUDA Events Based Total time: 459.616 us
Iteration: 13
CUDA Events Based Total time: 445.984 us
Iteration: 14
CUDA Events Based Total time: 450.24 us
Iteration: 15
CUDA Events Based Total time: 467.264 us
Iteration: 16
CUDA Events Based Total time: 452.288 us
Iteration: 17
CUDA Events Based Total time: 439.776 us
Iteration: 18
CUDA Events Based Total time: 441.952 us
Iteration: 19
CUDA Events Based Total time: 429.6 us
Step 1 done.
Writing to: "global_data_1.got"
Writing to: "p_diag_1.got"
Writing to: "global_data_1.want"
Writing to: "p_prog_1.got"
Writing to: "p_diag_1.want"
Writing to: "p_metrics_1.got"
Writing to: "p_prog_1.want"
Writing to: "p_metrics_1.want"
Writing to: "z_kin_hor_e_1.got"
Writing to: "z_kin_hor_e_1.want"
Writing to: "z_vt_ie_1.got"
Writing to: "z_w_concorr_me_1.got"
Writing to: "z_vt_ie_1.want"
Writing to: "z_w_concorr_me_1.want"
Reading from: "data_nproma20480/global_data.t1.2.data"
Reading from: "data_nproma20480/p_int.2.data"
Reading from: "data_nproma20480/global_data.t0.2.data"
Reading from: "data_nproma20480/p_diag.t0.2.data"
Reading from: "data_nproma20480/p_patch.2.data"
Reading from: "data_nproma20480/p_metrics.t1.2.data"
Reading from: "data_nproma20480/p_metrics.t0.2.data"
Reading from: "data_nproma20480/z_vt_ie.t0.2.data"
Reading from: "data_nproma20480/p_prog.t1.2.data"
Reading from: "data_nproma20480/p_prog.t0.2.data"
Reading from: "data_nproma20480/ntnd.2.data"
Reading from: "data_nproma20480/z_kin_hor_e.t0.2.data"
Reading from: "data_nproma20480/lvn_only.2.data"
Reading from: "data_nproma20480/istep.2.data"
Reading from: "data_nproma20480/z_vt_ie.t1.2.data"
Reading from: "data_nproma20480/p_diag.t1.2.data"
Reading from: "data_nproma20480/ldeepatmo.2.data"
Reading from: "data_nproma20480/z_kin_hor_e.t1.2.data"
Reading from: "data_nproma20480/dt_linintp_ubc.2.data"
Reading from: "data_nproma20480/z_w_concorr_me.t0.2.data"
Reading from: "data_nproma20480/z_w_concorr_me.t1.2.data"
Reading from: "data_nproma20480/dtime.2.data"
Step 2 variables, extra_diffu: 1, istep: 2, lvn_only: 0, ldeepatmo: 0
Iteration: 0
CUDA Events Based Total time: 1102.4 us
Iteration: 1
CUDA Events Based Total time: 317.92 us
Iteration: 2
CUDA Events Based Total time: 312.416 us
Iteration: 3
CUDA Events Based Total time: 309.44 us
Iteration: 4
CUDA Events Based Total time: 310.816 us
Iteration: 5
CUDA Events Based Total time: 302.816 us
Iteration: 6
CUDA Events Based Total time: 312.896 us
Iteration: 7
CUDA Events Based Total time: 307.296 us
Iteration: 8
CUDA Events Based Total time: 306.144 us
Iteration: 9
CUDA Events Based Total time: 308.16 us
Iteration: 10
CUDA Events Based Total time: 310.784 us
Iteration: 11
CUDA Events Based Total time: 302.176 us
Iteration: 12
CUDA Events Based Total time: 306.912 us
Iteration: 13
CUDA Events Based Total time: 302.016 us
Iteration: 14
CUDA Events Based Total time: 306.112 us
Iteration: 15
CUDA Events Based Total time: 304.16 us
Iteration: 16
CUDA Events Based Total time: 308.384 us
Iteration: 17
CUDA Events Based Total time: 304.768 us
Iteration: 18
CUDA Events Based Total time: 300.704 us
Iteration: 19
CUDA Events Based Total time: 305.024 us
Step 2 done.
Writing to: "global_data_2.got"
Writing to: "p_diag_2.got"
Writing to: "global_data_2.want"
Writing to: "p_diag_2.want"
Writing to: "p_metrics_2.got"
Writing to: "p_metrics_2.want"
Writing to: "p_prog_2.got"
Writing to: "z_kin_hor_e_2.got"
Writing to: "p_prog_2.want"
Writing to: "z_kin_hor_e_2.want"
Writing to: "z_vt_ie_2.got"
Writing to: "z_vt_ie_2.want"
Writing to: "z_w_concorr_me_2.got"
Writing to: "z_w_concorr_me_2.want"
Reading from: "data_nproma20480/p_diag.t0.7.data"
Reading from: "data_nproma20480/p_int.7.data"
Reading from: "data_nproma20480/global_data.t0.7.data"
Reading from: "data_nproma20480/p_diag.t1.7.data"
Reading from: "data_nproma20480/global_data.t1.7.data"
Reading from: "data_nproma20480/p_patch.7.data"
Reading from: "data_nproma20480/p_prog.t0.7.data"
Reading from: "data_nproma20480/p_metrics.t1.7.data"
Reading from: "data_nproma20480/p_metrics.t0.7.data"
Reading from: "data_nproma20480/z_kin_hor_e.t0.7.data"
Reading from: "data_nproma20480/p_prog.t1.7.data"
Reading from: "data_nproma20480/z_kin_hor_e.t1.7.data"
Reading from: "data_nproma20480/istep.7.data"
Reading from: "data_nproma20480/z_vt_ie.t0.7.data"
Reading from: "data_nproma20480/z_vt_ie.t1.7.data"
Reading from: "data_nproma20480/ldeepatmo.7.data"
Reading from: "data_nproma20480/z_w_concorr_me.t1.7.data"
Reading from: "data_nproma20480/dt_linintp_ubc.7.data"
Reading from: "data_nproma20480/ntnd.7.data"
Reading from: "data_nproma20480/dtime.7.data"
Reading from: "data_nproma20480/z_w_concorr_me.t0.7.data"
Reading from: "data_nproma20480/lvn_only.7.data"
Step 7 variables, extra_diffu: 1, istep: 1, lvn_only: 1, ldeepatmo: 0
CUDA Events Based Total time: 1220.1 us
CUDA Events Based Total time: 364.064 us
CUDA Events Based Total time: 362.688 us
CUDA Events Based Total time: 358.88 us
CUDA Events Based Total time: 370.112 us
CUDA Events Based Total time: 355.968 us
CUDA Events Based Total time: 364 us
CUDA Events Based Total time: 364.256 us
CUDA Events Based Total time: 363.296 us
CUDA Events Based Total time: 364.256 us
CUDA Events Based Total time: 368.192 us
CUDA Events Based Total time: 367.2 us
CUDA Events Based Total time: 370.336 us
CUDA Events Based Total time: 365.376 us
CUDA Events Based Total time: 370.496 us
CUDA Events Based Total time: 361.696 us
CUDA Events Based Total time: 365.344 us
CUDA Events Based Total time: 366.08 us
CUDA Events Based Total time: 366.176 us
CUDA Events Based Total time: 363.232 us
Step 7 done.
Writing to: "global_data_7.got"
Writing to: "global_data_7.want"
Writing to: "p_diag_7.got"
Writing to: "p_diag_7.want"
Writing to: "p_metrics_7.got"
Writing to: "p_metrics_7.want"
Writing to: "p_prog_7.got"
Writing to: "p_prog_7.want"
Writing to: "z_vt_ie_7.got"
Writing to: "z_kin_hor_e_7.got"
Writing to: "z_vt_ie_7.want"
Writing to: "z_kin_hor_e_7.want"
Writing to: "z_w_concorr_me_7.got"
Writing to: "z_w_concorr_me_7.want"
Reading from: "data_nproma20480/global_data.t1.9.data"
Reading from: "data_nproma20480/global_data.t0.9.data"
Reading from: "data_nproma20480/p_metrics.t0.9.data"
Reading from: "data_nproma20480/p_int.9.data"
Reading from: "data_nproma20480/p_diag.t0.9.data"
Reading from: "data_nproma20480/p_patch.9.data"
Reading from: "data_nproma20480/p_metrics.t1.9.data"
Reading from: "data_nproma20480/z_kin_hor_e.t0.9.data"
Reading from: "data_nproma20480/p_prog.t1.9.data"
Reading from: "data_nproma20480/istep.9.data"
Reading from: "data_nproma20480/ldeepatmo.9.data"
Reading from: "data_nproma20480/z_vt_ie.t1.9.data"
Reading from: "data_nproma20480/p_diag.t1.9.data"
Reading from: "data_nproma20480/z_kin_hor_e.t1.9.data"
Reading from: "data_nproma20480/z_w_concorr_me.t0.9.data"
Reading from: "data_nproma20480/p_prog.t0.9.data"
Reading from: "data_nproma20480/dt_linintp_ubc.9.data"
Reading from: "data_nproma20480/ntnd.9.data"
Reading from: "data_nproma20480/z_w_concorr_me.t1.9.data"
Reading from: "data_nproma20480/lvn_only.9.data"
Reading from: "data_nproma20480/z_vt_ie.t0.9.data"
Reading from: "data_nproma20480/dtime.9.data"
Step 9 variables, extra_diffu: 1, istep: 2, lvn_only: 0, ldeepatmo: 0
Iteration: 0
CUDA Events Based Total time: 398.976 us
Iteration: 1
CUDA Events Based Total time: 350.72 us
Iteration: 2
CUDA Events Based Total time: 350.784 us
Iteration: 3
CUDA Events Based Total time: 352.864 us
Iteration: 4
CUDA Events Based Total time: 350.912 us
Iteration: 5
CUDA Events Based Total time: 345.472 us
Iteration: 6
CUDA Events Based Total time: 347.552 us
Iteration: 7
CUDA Events Based Total time: 349.952 us
Iteration: 8
CUDA Events Based Total time: 345.312 us
Iteration: 9
CUDA Events Based Total time: 359.008 us
Iteration: 10
CUDA Events Based Total time: 353.024 us
Iteration: 11
CUDA Events Based Total time: 353.472 us
Iteration: 12
CUDA Events Based Total time: 351.36 us
Iteration: 13
CUDA Events Based Total time: 354.112 us
Iteration: 14
CUDA Events Based Total time: 355.712 us
Iteration: 15
CUDA Events Based Total time: 344.192 us
Iteration: 16
CUDA Events Based Total time: 371.52 us
Iteration: 17
CUDA Events Based Total time: 359.776 us
Iteration: 18
CUDA Events Based Total time: 351.104 us
Iteration: 19
CUDA Events Based Total time: 351.968 us
Step 9 done.
Writing to: "global_data_9.got"
Writing to: "p_diag_9.got"
Writing to: "p_metrics_9.got"
Writing to: "p_metrics_9.want"
Writing to: "global_data_9.want"
Writing to: "p_diag_9.want"
Writing to: "p_prog_9.got"
Writing to: "p_prog_9.want"
Writing to: "z_kin_hor_e_9.got"
Writing to: "z_vt_ie_9.got"
Writing to: "z_w_concorr_me_9.got"
Writing to: "z_kin_hor_e_9.want"
Writing to: "z_vt_ie_9.want"
Writing to: "z_w_concorr_me_9.want"
Reading from: "data_nproma20480/global_data.t1.43.data"
Reading from: "data_nproma20480/p_diag.t0.43.data"
Reading from: "data_nproma20480/p_diag.t1.43.data"
Reading from: "data_nproma20480/p_metrics.t0.43.data"
Reading from: "data_nproma20480/p_int.43.data"
Reading from: "data_nproma20480/z_kin_hor_e.t0.43.data"
Reading from: "data_nproma20480/global_data.t0.43.data"
Reading from: "data_nproma20480/p_metrics.t1.43.data"
Reading from: "data_nproma20480/p_patch.43.data"
Reading from: "data_nproma20480/p_prog.t1.43.data"
Reading from: "data_nproma20480/z_kin_hor_e.t1.43.data"
Reading from: "data_nproma20480/p_prog.t0.43.data"
Reading from: "data_nproma20480/z_vt_ie.t0.43.data"
Reading from: "data_nproma20480/ldeepatmo.43.data"
Reading from: "data_nproma20480/dtime.43.data"
Reading from: "data_nproma20480/z_w_concorr_me.t0.43.data"
Reading from: "data_nproma20480/dt_linintp_ubc.43.data"
Reading from: "data_nproma20480/lvn_only.43.data"
Reading from: "data_nproma20480/istep.43.data"
Reading from: "data_nproma20480/z_w_concorr_me.t1.43.data"
Reading from: "data_nproma20480/z_vt_ie.t1.43.data"
Reading from: "data_nproma20480/ntnd.43.data"
Step 43 variables, extra_diffu: 1, istep: 1, lvn_only: 1, ldeepatmo: 0
CUDA Events Based Total time: 531.232 us
CUDA Events Based Total time: 372.704 us
CUDA Events Based Total time: 372.352 us
CUDA Events Based Total time: 363.296 us
CUDA Events Based Total time: 363.808 us
CUDA Events Based Total time: 371.936 us
CUDA Events Based Total time: 373.28 us
CUDA Events Based Total time: 371.648 us
CUDA Events Based Total time: 366.112 us
CUDA Events Based Total time: 368.096 us
CUDA Events Based Total time: 370.304 us
CUDA Events Based Total time: 363.232 us
CUDA Events Based Total time: 366.368 us
CUDA Events Based Total time: 370.336 us
CUDA Events Based Total time: 371.584 us
CUDA Events Based Total time: 367.296 us
CUDA Events Based Total time: 375.904 us
CUDA Events Based Total time: 369.216 us
CUDA Events Based Total time: 366.304 us
CUDA Events Based Total time: 372.032 us
Step 43 done.
Writing to: "global_data_43.got"
Writing to: "p_diag_43.got"
Writing to: "p_diag_43.want"
Writing to: "p_prog_43.got"
Writing to: "p_prog_43.want"
Writing to: "p_metrics_43.got"
Writing to: "global_data_43.want"
Writing to: "p_metrics_43.want"
Writing to: "z_kin_hor_e_43.got"
Writing to: "z_kin_hor_e_43.want"
Writing to: "z_vt_ie_43.got"
Writing to: "z_w_concorr_me_43.got"
Writing to: "z_vt_ie_43.want"
Writing to: "z_w_concorr_me_43.want"
Reading from: "data_nproma20480/global_data.t0.93.data"
Reading from: "data_nproma20480/p_metrics.t1.93.data"
Reading from: "data_nproma20480/p_prog.t0.93.data"
Reading from: "data_nproma20480/p_diag.t1.93.data"
Reading from: "data_nproma20480/p_prog.t1.93.data"
Reading from: "data_nproma20480/global_data.t1.93.data"
Reading from: "data_nproma20480/p_metrics.t0.93.data"
Reading from: "data_nproma20480/p_patch.93.data"
Reading from: "data_nproma20480/istep.93.data"
Reading from: "data_nproma20480/z_kin_hor_e.t0.93.data"
Reading from: "data_nproma20480/z_w_concorr_me.t0.93.data"
Reading from: "data_nproma20480/dt_linintp_ubc.93.data"
Reading from: "data_nproma20480/p_int.93.data"
Reading from: "data_nproma20480/z_kin_hor_e.t1.93.data"
Reading from: "data_nproma20480/z_vt_ie.t0.93.data"
Reading from: "data_nproma20480/p_diag.t0.93.data"
Reading from: "data_nproma20480/z_vt_ie.t1.93.data"
Reading from: "data_nproma20480/z_w_concorr_me.t1.93.data"
Reading from: "data_nproma20480/ldeepatmo.93.data"
Reading from: "data_nproma20480/lvn_only.93.data"
Reading from: "data_nproma20480/ntnd.93.data"
Reading from: "data_nproma20480/dtime.93.data"
Step 93 variables, extra_diffu: 1, istep: 2, lvn_only: 0, ldeepatmo: 0
Iteration: 0
CUDA Events Based Total time: 388.256 us
Iteration: 1
CUDA Events Based Total time: 357.696 us
Iteration: 2
CUDA Events Based Total time: 362.112 us
Iteration: 3
CUDA Events Based Total time: 357.696 us
Iteration: 4
CUDA Events Based Total time: 355.776 us
Iteration: 5
CUDA Events Based Total time: 354.656 us
Iteration: 6
CUDA Events Based Total time: 361.184 us
Iteration: 7
CUDA Events Based Total time: 360.448 us
Iteration: 8
CUDA Events Based Total time: 358.688 us
Iteration: 9
CUDA Events Based Total time: 358.816 us
Iteration: 10
CUDA Events Based Total time: 352.864 us
Iteration: 11
CUDA Events Based Total time: 357.056 us
Iteration: 12
CUDA Events Based Total time: 356.928 us
Iteration: 13
CUDA Events Based Total time: 354.816 us
Iteration: 14
CUDA Events Based Total time: 357.248 us
Iteration: 15
CUDA Events Based Total time: 362.016 us
Iteration: 16
CUDA Events Based Total time: 356.96 us
Iteration: 17
CUDA Events Based Total time: 356.352 us
Iteration: 18
CUDA Events Based Total time: 356.416 us
Iteration: 19
CUDA Events Based Total time: 355.136 us
Step 93 done.
Writing to: "global_data_93.got"
Writing to: "global_data_93.want"
Writing to: "p_metrics_93.got"
Writing to: "p_metrics_93.want"
Writing to: "p_prog_93.got"
Writing to: "p_diag_93.want"
Writing to: "z_kin_hor_e_93.got"
Writing to: "p_diag_93.got"
Writing to: "z_vt_ie_93.got"
Writing to: "z_kin_hor_e_93.want"
Writing to: "p_prog_93.want"
Writing to: "z_vt_ie_93.want"
Writing to: "z_w_concorr_me_93.got"
Writing to: "z_w_concorr_me_93.want"
Reading from: "data_nproma20480/p_diag.t1.463.data"
Reading from: "data_nproma20480/global_data.t1.463.data"
Reading from: "data_nproma20480/p_diag.t0.463.data"
Reading from: "data_nproma20480/global_data.t0.463.data"
Reading from: "data_nproma20480/p_int.463.data"
Reading from: "data_nproma20480/p_metrics.t0.463.data"
Reading from: "data_nproma20480/p_patch.463.data"
Reading from: "data_nproma20480/p_prog.t0.463.data"
Reading from: "data_nproma20480/z_kin_hor_e.t0.463.data"
Reading from: "data_nproma20480/p_prog.t1.463.data"
Reading from: "data_nproma20480/z_w_concorr_me.t0.463.data"
Reading from: "data_nproma20480/p_metrics.t1.463.data"
Reading from: "data_nproma20480/z_vt_ie.t0.463.data"
Reading from: "data_nproma20480/dtime.463.data"
Reading from: "data_nproma20480/z_vt_ie.t1.463.data"
Reading from: "data_nproma20480/z_kin_hor_e.t1.463.data"
Reading from: "data_nproma20480/lvn_only.463.data"
Reading from: "data_nproma20480/ntnd.463.data"
Reading from: "data_nproma20480/istep.463.data"
Reading from: "data_nproma20480/ldeepatmo.463.data"
Reading from: "data_nproma20480/z_w_concorr_me.t1.463.data"
Reading from: "data_nproma20480/dt_linintp_ubc.463.data"
Step 463 variables, extra_diffu: 1, istep: 1, lvn_only: 1, ldeepatmo: 0
CUDA Events Based Total time: 389.664 us
CUDA Events Based Total time: 370.912 us
CUDA Events Based Total time: 366.88 us
CUDA Events Based Total time: 367.552 us
CUDA Events Based Total time: 370.848 us
CUDA Events Based Total time: 367.008 us
CUDA Events Based Total time: 375.168 us
CUDA Events Based Total time: 368.192 us
CUDA Events Based Total time: 369.024 us
CUDA Events Based Total time: 369.664 us
CUDA Events Based Total time: 367.616 us
CUDA Events Based Total time: 372.192 us
CUDA Events Based Total time: 372.704 us
CUDA Events Based Total time: 372.128 us
CUDA Events Based Total time: 366.624 us
CUDA Events Based Total time: 368.096 us
CUDA Events Based Total time: 365.568 us
CUDA Events Based Total time: 364.448 us
CUDA Events Based Total time: 364.288 us
CUDA Events Based Total time: 360.128 us
Step 463 done.
Writing to: "global_data_463.got"
Writing to: "global_data_463.want"
Writing to: "p_diag_463.got"
Writing to: "p_diag_463.want"
Writing to: "p_metrics_463.got"
Writing to: "p_metrics_463.want"
Writing to: "p_prog_463.got"
Writing to: "p_prog_463.want"
Writing to: "z_kin_hor_e_463.got"
Writing to: "z_w_concorr_me_463.got"
Writing to: "z_vt_ie_463.got"
Writing to: "z_kin_hor_e_463.want"
Writing to: "z_w_concorr_me_463.want"
Writing to: "z_vt_ie_463.want"
Reading from: "data_nproma20480/global_data.t0.519.data"
Reading from: "data_nproma20480/p_diag.t0.519.data"
Reading from: "data_nproma20480/p_patch.519.data"
Reading from: "data_nproma20480/p_prog.t0.519.data"
Reading from: "data_nproma20480/p_int.519.data"
Reading from: "data_nproma20480/p_metrics.t0.519.data"
Reading from: "data_nproma20480/p_diag.t1.519.data"
Reading from: "data_nproma20480/p_prog.t1.519.data"
Reading from: "data_nproma20480/global_data.t1.519.data"
Reading from: "data_nproma20480/z_kin_hor_e.t1.519.data"
Reading from: "data_nproma20480/z_kin_hor_e.t0.519.data"
Reading from: "data_nproma20480/p_metrics.t1.519.data"
Reading from: "data_nproma20480/z_vt_ie.t0.519.data"
Reading from: "data_nproma20480/z_w_concorr_me.t1.519.data"
Reading from: "data_nproma20480/istep.519.data"
Reading from: "data_nproma20480/z_w_concorr_me.t0.519.data"
Reading from: "data_nproma20480/ldeepatmo.519.data"
Reading from: "data_nproma20480/lvn_only.519.data"
Reading from: "data_nproma20480/ntnd.519.data"
Reading from: "data_nproma20480/z_vt_ie.t1.519.data"
Reading from: "data_nproma20480/dtime.519.data"
Reading from: "data_nproma20480/dt_linintp_ubc.519.data"
Step 519 variables, extra_diffu: 1, istep: 2, lvn_only: 0, ldeepatmo: 0
Iteration: 0
CUDA Events Based Total time: 400.384 us
Iteration: 1
CUDA Events Based Total time: 346.336 us
Iteration: 2
CUDA Events Based Total time: 352.992 us
Iteration: 3
CUDA Events Based Total time: 352.224 us
Iteration: 4
CUDA Events Based Total time: 357.44 us
Iteration: 5
CUDA Events Based Total time: 347.264 us
Iteration: 6
CUDA Events Based Total time: 356.64 us
Iteration: 7
CUDA Events Based Total time: 352.672 us
Iteration: 8
CUDA Events Based Total time: 348.064 us
Iteration: 9
CUDA Events Based Total time: 351.584 us
Iteration: 10
CUDA Events Based Total time: 356.992 us
Iteration: 11
CUDA Events Based Total time: 352.64 us
Iteration: 12
CUDA Events Based Total time: 342.496 us
Iteration: 13
CUDA Events Based Total time: 359.296 us
Iteration: 14
CUDA Events Based Total time: 349.088 us
Iteration: 15
CUDA Events Based Total time: 356.736 us
Iteration: 16
CUDA Events Based Total time: 356.48 us
Iteration: 17
CUDA Events Based Total time: 341.952 us
Iteration: 18
CUDA Events Based Total time: 355.68 us
Iteration: 19
CUDA Events Based Total time: 347.648 us
Step 519 done.
Writing to: "global_data_519.got"
Writing to: "global_data_519.want"
Writing to: "p_diag_519.got"
Writing to: "p_metrics_519.got"
Writing to: "p_diag_519.want"
Writing to: "p_metrics_519.want"
Writing to: "p_prog_519.got"
Writing to: "p_prog_519.want"
Writing to: "z_kin_hor_e_519.got"
Writing to: "z_vt_ie_519.got"
Writing to: "z_kin_hor_e_519.want"
Writing to: "z_vt_ie_519.want"
Writing to: "z_w_concorr_me_519.got"
Writing to: "z_w_concorr_me_519.want"
Reading from: "data_nproma20480/global_data.t0.1140.data"
Reading from: "data_nproma20480/global_data.t1.1140.data"
Reading from: "data_nproma20480/p_int.1140.data"
Reading from: "data_nproma20480/p_metrics.t0.1140.data"
Reading from: "data_nproma20480/lvn_only.1140.data"
Reading from: "data_nproma20480/ntnd.1140.data"
Reading from: "data_nproma20480/p_prog.t1.1140.data"
Reading from: "data_nproma20480/dt_linintp_ubc.1140.data"
Reading from: "data_nproma20480/z_w_concorr_me.t1.1140.data"
Reading from: "data_nproma20480/z_kin_hor_e.t1.1140.data"
Reading from: "data_nproma20480/z_kin_hor_e.t0.1140.data"
Reading from: "data_nproma20480/p_prog.t0.1140.data"
Reading from: "data_nproma20480/p_metrics.t1.1140.data"
Reading from: "data_nproma20480/z_w_concorr_me.t0.1140.data"
Reading from: "data_nproma20480/p_diag.t0.1140.data"
Reading from: "data_nproma20480/z_vt_ie.t0.1140.data"
Reading from: "data_nproma20480/z_vt_ie.t1.1140.data"
Reading from: "data_nproma20480/dtime.1140.data"
Reading from: "data_nproma20480/p_diag.t1.1140.data"
Reading from: "data_nproma20480/istep.1140.data"
Reading from: "data_nproma20480/ldeepatmo.1140.data"
Reading from: "data_nproma20480/p_patch.1140.data"
Step 1140 variables, extra_diffu: 1, istep: 2, lvn_only: 0, ldeepatmo: 0
Iteration: 0
CUDA Events Based Total time: 398.304 us
Iteration: 1
CUDA Events Based Total time: 349.472 us
Iteration: 2
CUDA Events Based Total time: 357.344 us
Iteration: 3
CUDA Events Based Total time: 355.488 us
Iteration: 4
CUDA Events Based Total time: 351.648 us
Iteration: 5
CUDA Events Based Total time: 359.456 us
Iteration: 6
CUDA Events Based Total time: 353.792 us
Iteration: 7
CUDA Events Based Total time: 357.504 us
Iteration: 8
CUDA Events Based Total time: 355.36 us
Iteration: 9
CUDA Events Based Total time: 358.848 us
Iteration: 10
CUDA Events Based Total time: 344.352 us
Iteration: 11
CUDA Events Based Total time: 355.264 us
Iteration: 12
CUDA Events Based Total time: 348.512 us
Iteration: 13
CUDA Events Based Total time: 356.576 us
Iteration: 14
CUDA Events Based Total time: 352.8 us
Iteration: 15
CUDA Events Based Total time: 361.472 us
Iteration: 16
CUDA Events Based Total time: 353.024 us
Iteration: 17
CUDA Events Based Total time: 364.928 us
Iteration: 18
CUDA Events Based Total time: 349.568 us
Iteration: 19
CUDA Events Based Total time: 351.072 us
Step 1140 done.
Writing to: "global_data_1140.got"
Writing to: "p_diag_1140.got"
Writing to: "global_data_1140.want"
Writing to: "p_metrics_1140.got"
Writing to: "p_diag_1140.want"
Writing to: "p_metrics_1140.want"
Writing to: "p_prog_1140.got"
Writing to: "p_prog_1140.want"
Writing to: "z_kin_hor_e_1140.got"
Writing to: "z_vt_ie_1140.got"
Writing to: "z_vt_ie_1140.want"
Writing to: "z_kin_hor_e_1140.want"
Writing to: "z_w_concorr_me_1140.got"
Writing to: "z_w_concorr_me_1140.want"
Reading from: "data_nproma20480/global_data.t1.1814.data"
Reading from: "data_nproma20480/global_data.t0.1814.data"
Reading from: "data_nproma20480/p_int.1814.data"
Reading from: "data_nproma20480/p_diag.t1.1814.data"
Reading from: "data_nproma20480/p_diag.t0.1814.data"
Reading from: "data_nproma20480/p_patch.1814.data"
Reading from: "data_nproma20480/p_metrics.t1.1814.data"
Reading from: "data_nproma20480/p_metrics.t0.1814.data"
Reading from: "data_nproma20480/p_prog.t0.1814.data"
Reading from: "data_nproma20480/z_kin_hor_e.t1.1814.data"
Reading from: "data_nproma20480/z_kin_hor_e.t0.1814.data"
Reading from: "data_nproma20480/z_vt_ie.t1.1814.data"
Reading from: "data_nproma20480/p_prog.t1.1814.data"
Reading from: "data_nproma20480/z_vt_ie.t0.1814.data"
Reading from: "data_nproma20480/istep.1814.data"
Reading from: "data_nproma20480/dt_linintp_ubc.1814.data"
Reading from: "data_nproma20480/dtime.1814.data"
Reading from: "data_nproma20480/ntnd.1814.data"
Reading from: "data_nproma20480/ldeepatmo.1814.data"
Reading from: "data_nproma20480/lvn_only.1814.data"
Reading from: "data_nproma20480/z_w_concorr_me.t1.1814.data"
Reading from: "data_nproma20480/z_w_concorr_me.t0.1814.data"
Step 1814 variables, extra_diffu: 1, istep: 2, lvn_only: 0, ldeepatmo: 0
Iteration: 0
CUDA Events Based Total time: 385.152 us
Iteration: 1
CUDA Events Based Total time: 357.024 us
Iteration: 2
CUDA Events Based Total time: 355.648 us
Iteration: 3
CUDA Events Based Total time: 347.584 us
Iteration: 4
CUDA Events Based Total time: 355.136 us
Iteration: 5
CUDA Events Based Total time: 353.152 us
Iteration: 6
CUDA Events Based Total time: 354.976 us
Iteration: 7
CUDA Events Based Total time: 364.768 us
Iteration: 8
CUDA Events Based Total time: 359.648 us
Iteration: 9
CUDA Events Based Total time: 353.056 us
Iteration: 10
CUDA Events Based Total time: 353.248 us
Iteration: 11
CUDA Events Based Total time: 352.192 us
Iteration: 12
CUDA Events Based Total time: 355.392 us
Iteration: 13
CUDA Events Based Total time: 354.624 us
Iteration: 14
CUDA Events Based Total time: 355.872 us
Iteration: 15
CUDA Events Based Total time: 353.28 us
Iteration: 16
CUDA Events Based Total time: 353.504 us
Iteration: 17
CUDA Events Based Total time: 350.656 us
Iteration: 18
CUDA Events Based Total time: 354.048 us
Iteration: 19
CUDA Events Based Total time: 348.608 us
Step 1814 done.
Writing to: "global_data_1814.got"
Writing to: "global_data_1814.want"
Writing to: "p_diag_1814.got"
Writing to: "p_metrics_1814.got"
Writing to: "p_diag_1814.want"
Writing to: "p_prog_1814.got"
Writing to: "p_metrics_1814.want"
Writing to: "z_kin_hor_e_1814.got"
Writing to: "p_prog_1814.want"
Writing to: "z_vt_ie_1814.got"
Writing to: "z_kin_hor_e_1814.want"
Writing to: "z_w_concorr_me_1814.got"
Writing to: "z_vt_ie_1814.want"
Writing to: "z_w_concorr_me_1814.want"
Reading from: "data_nproma20480/global_data.t1.2593.data"
Reading from: "data_nproma20480/global_data.t0.2593.data"
Reading from: "data_nproma20480/p_int.2593.data"
Reading from: "data_nproma20480/p_diag.t0.2593.data"
Reading from: "data_nproma20480/p_patch.2593.data"
Reading from: "data_nproma20480/z_vt_ie.t0.2593.data"
Reading from: "data_nproma20480/p_prog.t1.2593.data"
Reading from: "data_nproma20480/z_kin_hor_e.t1.2593.data"
Reading from: "data_nproma20480/z_vt_ie.t1.2593.data"
Reading from: "data_nproma20480/ldeepatmo.2593.data"
Reading from: "data_nproma20480/p_metrics.t0.2593.data"
Reading from: "data_nproma20480/p_metrics.t1.2593.data"
Reading from: "data_nproma20480/istep.2593.data"
Reading from: "data_nproma20480/lvn_only.2593.data"
Reading from: "data_nproma20480/z_kin_hor_e.t0.2593.data"
Reading from: "data_nproma20480/z_w_concorr_me.t0.2593.data"
Reading from: "data_nproma20480/dt_linintp_ubc.2593.data"
Reading from: "data_nproma20480/z_w_concorr_me.t1.2593.data"
Reading from: "data_nproma20480/p_diag.t1.2593.data"
Reading from: "data_nproma20480/dtime.2593.data"
Reading from: "data_nproma20480/ntnd.2593.data"
Reading from: "data_nproma20480/p_prog.t0.2593.data"
Step 2593 variables, extra_diffu: 1, istep: 1, lvn_only: 1, ldeepatmo: 0
CUDA Events Based Total time: 378.24 us
CUDA Events Based Total time: 372.352 us
CUDA Events Based Total time: 364.832 us
CUDA Events Based Total time: 365.76 us
CUDA Events Based Total time: 367.968 us
CUDA Events Based Total time: 367.424 us
CUDA Events Based Total time: 367.808 us
CUDA Events Based Total time: 358.944 us
CUDA Events Based Total time: 372.576 us
CUDA Events Based Total time: 361.28 us
CUDA Events Based Total time: 363.328 us
CUDA Events Based Total time: 363.424 us
CUDA Events Based Total time: 365.28 us
CUDA Events Based Total time: 361.248 us
CUDA Events Based Total time: 364.928 us
CUDA Events Based Total time: 363.328 us
CUDA Events Based Total time: 366.176 us
CUDA Events Based Total time: 367.392 us
CUDA Events Based Total time: 370.464 us
CUDA Events Based Total time: 363.744 us
Step 2593 done.
Writing to: "global_data_2593.got"
Writing to: "p_diag_2593.got"
Writing to: "global_data_2593.want"
Writing to: "p_diag_2593.want"
Writing to: "p_metrics_2593.got"
Writing to: "p_metrics_2593.want"
Writing to: "p_prog_2593.got"
Writing to: "z_vt_ie_2593.got"
Writing to: "p_prog_2593.want"
Writing to: "z_kin_hor_e_2593.got"
Writing to: "z_vt_ie_2593.want"
Writing to: "z_kin_hor_e_2593.want"
Writing to: "z_w_concorr_me_2593.got"
Writing to: "z_w_concorr_me_2593.want"
Reading from: "data_nproma20480/p_int.5701.data"
Reading from: "data_nproma20480/p_metrics.t0.5701.data"
Reading from: "data_nproma20480/p_diag.t0.5701.data"
Reading from: "data_nproma20480/p_prog.t1.5701.data"
Reading from: "data_nproma20480/p_diag.t1.5701.data"
Reading from: "data_nproma20480/global_data.t0.5701.data"
Reading from: "data_nproma20480/z_kin_hor_e.t0.5701.data"
Reading from: "data_nproma20480/global_data.t1.5701.data"
Reading from: "data_nproma20480/p_prog.t0.5701.data"
Reading from: "data_nproma20480/p_patch.5701.data"
Reading from: "data_nproma20480/p_metrics.t1.5701.data"
Reading from: "data_nproma20480/z_w_concorr_me.t0.5701.data"
Reading from: "data_nproma20480/z_kin_hor_e.t1.5701.data"
Reading from: "data_nproma20480/z_vt_ie.t0.5701.data"
Reading from: "data_nproma20480/lvn_only.5701.data"
Reading from: "data_nproma20480/istep.5701.data"
Reading from: "data_nproma20480/z_w_concorr_me.t1.5701.data"
Reading from: "data_nproma20480/ldeepatmo.5701.data"
Reading from: "data_nproma20480/dt_linintp_ubc.5701.data"
Reading from: "data_nproma20480/ntnd.5701.data"
Reading from: "data_nproma20480/z_vt_ie.t1.5701.data"
Reading from: "data_nproma20480/dtime.5701.data"
Step 5701 variables, extra_diffu: 1, istep: 1, lvn_only: 1, ldeepatmo: 0
CUDA Events Based Total time: 390.048 us
CUDA Events Based Total time: 373.088 us
CUDA Events Based Total time: 368.352 us
CUDA Events Based Total time: 366.048 us
CUDA Events Based Total time: 366.752 us
CUDA Events Based Total time: 363.584 us
CUDA Events Based Total time: 367.872 us
CUDA Events Based Total time: 368.416 us
CUDA Events Based Total time: 369.632 us
CUDA Events Based Total time: 374.368 us
CUDA Events Based Total time: 366.4 us
CUDA Events Based Total time: 365.664 us
CUDA Events Based Total time: 366.784 us
CUDA Events Based Total time: 363.872 us
CUDA Events Based Total time: 368.832 us
CUDA Events Based Total time: 364.864 us
CUDA Events Based Total time: 370.144 us
CUDA Events Based Total time: 361.76 us
CUDA Events Based Total time: 363.04 us
CUDA Events Based Total time: 363.68 us
Step 5701 done.
Writing to: "global_data_5701.got"
Writing to: "p_diag_5701.got"
Writing to: "global_data_5701.want"
Writing to: "p_metrics_5701.got"
Writing to: "p_diag_5701.want"
Writing to: "p_metrics_5701.want"
Writing to: "p_prog_5701.got"
Writing to: "z_kin_hor_e_5701.got"
Writing to: "p_prog_5701.want"
Writing to: "z_kin_hor_e_5701.want"
Writing to: "z_vt_ie_5701.got"
Writing to: "z_w_concorr_me_5701.got"
Writing to: "z_vt_ie_5701.want"
Writing to: "z_w_concorr_me_5701.want"
