Running: -1
Reading from: "data_nproma20480/global_data.t1.1.data"
Reading from: "data_nproma20480/global_data.t0.1.data"
Reading from: "data_nproma20480/p_patch.1.data"
Reading from: "data_nproma20480/p_prog.t0.1.data"
Reading from: "data_nproma20480/dtime.1.data"
Reading from: "data_nproma20480/lvn_only.1.data"
Reading from: "data_nproma20480/p_int.1.data"
Reading from: "data_nproma20480/ldeepatmo.1.data"
Reading from: "data_nproma20480/p_prog.t1.1.data"
Reading from: "data_nproma20480/p_metrics.t1.1.data"
Reading from: "data_nproma20480/z_kin_hor_e.t0.1.data"
Reading from: "data_nproma20480/p_metrics.t0.1.data"
Reading from: "data_nproma20480/ntnd.1.data"
Reading from: "data_nproma20480/istep.1.data"
Reading from: "data_nproma20480/z_vt_ie.t0.1.data"
Reading from: "data_nproma20480/dt_linintp_ubc.1.data"
Reading from: "data_nproma20480/z_w_concorr_me.t0.1.data"
Reading from: "data_nproma20480/p_diag.t0.1.data"
Reading from: "data_nproma20480/z_kin_hor_e.t1.1.data"
Reading from: "data_nproma20480/z_w_concorr_me.t1.1.data"
Reading from: "data_nproma20480/z_vt_ie.t1.1.data"
Reading from: "data_nproma20480/p_diag.t1.1.data"
Step 1 variables, extra_diffu: 1, istep: 1, lvn_only: 0, ldeepatmo: 0
Iteration: 0
Timer Host Based C++ Timer took 2661 us
Iteration: 1
Timer Host Based C++ Timer took 922 us
Iteration: 2
Timer Host Based C++ Timer took 917 us
Iteration: 3
Timer Host Based C++ Timer took 916 us
Iteration: 4
Timer Host Based C++ Timer took 924 us
Iteration: 5
Timer Host Based C++ Timer took 925 us
Iteration: 6
Timer Host Based C++ Timer took 913 us
Iteration: 7
Timer Host Based C++ Timer took 921 us
Iteration: 8
Timer Host Based C++ Timer took 919 us
Iteration: 9
Timer Host Based C++ Timer took 918 us
Iteration: 10
Timer Host Based C++ Timer took 917 us
Iteration: 11
Timer Host Based C++ Timer took 924 us
Iteration: 12
Timer Host Based C++ Timer took 917 us
Iteration: 13
Timer Host Based C++ Timer took 921 us
Iteration: 14
Timer Host Based C++ Timer took 918 us
Iteration: 15
Timer Host Based C++ Timer took 916 us
Iteration: 16
Timer Host Based C++ Timer took 922 us
Iteration: 17
Timer Host Based C++ Timer took 921 us
Iteration: 18
Timer Host Based C++ Timer took 914 us
Iteration: 19
Timer Host Based C++ Timer took 917 us
Step 1 done.
Writing to: "/scratch/ybudanaz/icon-artifacts/velocity/gotwant/data_nproma20480/global_data_1.got"
Writing to: "/scratch/ybudanaz/icon-artifacts/velocity/gotwant/data_nproma20480/global_data_1.want"
Writing to: "/scratch/ybudanaz/icon-artifacts/velocity/gotwant/data_nproma20480/p_diag_1.got"
Writing to: "/scratch/ybudanaz/icon-artifacts/velocity/gotwant/data_nproma20480/z_kin_hor_e_1.got"
Writing to: "/scratch/ybudanaz/icon-artifacts/velocity/gotwant/data_nproma20480/p_diag_1.want"
Writing to: "/scratch/ybudanaz/icon-artifacts/velocity/gotwant/data_nproma20480/p_prog_1.want"
Writing to: "/scratch/ybudanaz/icon-artifacts/velocity/gotwant/data_nproma20480/p_prog_1.got"
Writing to: "/scratch/ybudanaz/icon-artifacts/velocity/gotwant/data_nproma20480/z_kin_hor_e_1.want"
Writing to: "/scratch/ybudanaz/icon-artifacts/velocity/gotwant/data_nproma20480/z_w_concorr_me_1.want"
Writing to: "/scratch/ybudanaz/icon-artifacts/velocity/gotwant/data_nproma20480/z_vt_ie_1.want"
Writing to: "/scratch/ybudanaz/icon-artifacts/velocity/gotwant/data_nproma20480/z_w_concorr_me_1.got"
Writing to: "/scratch/ybudanaz/icon-artifacts/velocity/gotwant/data_nproma20480/z_vt_ie_1.got"
Writing to: "/scratch/ybudanaz/icon-artifacts/velocity/gotwant/data_nproma20480/p_metrics_1.got"
Writing to: "/scratch/ybudanaz/icon-artifacts/velocity/gotwant/data_nproma20480/p_metrics_1.want"
Reading from: "data_nproma20480/global_data.t1.2.data"
Reading from: "data_nproma20480/p_patch.2.data"
Reading from: "data_nproma20480/global_data.t0.2.data"
Reading from: "data_nproma20480/lvn_only.2.data"
Reading from: "data_nproma20480/ntnd.2.data"
Reading from: "data_nproma20480/z_kin_hor_e.t1.2.data"
Reading from: "data_nproma20480/ldeepatmo.2.data"
Reading from: "data_nproma20480/istep.2.data"
Reading from: "data_nproma20480/p_prog.t0.2.data"
Reading from: "data_nproma20480/dt_linintp_ubc.2.data"
Reading from: "data_nproma20480/dtime.2.data"
Reading from: "data_nproma20480/p_prog.t1.2.data"
Reading from: "data_nproma20480/z_vt_ie.t1.2.data"
Reading from: "data_nproma20480/p_int.2.data"
Reading from: "data_nproma20480/z_kin_hor_e.t0.2.data"
Reading from: "data_nproma20480/p_metrics.t1.2.data"
Reading from: "data_nproma20480/p_metrics.t0.2.data"
Reading from: "data_nproma20480/p_diag.t0.2.data"
Reading from: "data_nproma20480/p_diag.t1.2.data"
Reading from: "data_nproma20480/z_w_concorr_me.t0.2.data"
Reading from: "data_nproma20480/z_w_concorr_me.t1.2.data"
Reading from: "data_nproma20480/z_vt_ie.t0.2.data"
Step 2 variables, extra_diffu: 1, istep: 2, lvn_only: 0, ldeepatmo: 0
Iteration: 0
Timer Host Based C++ Timer took 1379 us
Iteration: 1
Timer Host Based C++ Timer took 650 us
Iteration: 2
Timer Host Based C++ Timer took 648 us
Iteration: 3
Timer Host Based C++ Timer took 655 us
Iteration: 4
Timer Host Based C++ Timer took 648 us
Iteration: 5
Timer Host Based C++ Timer took 648 us
Iteration: 6
Timer Host Based C++ Timer took 649 us
Iteration: 7
Timer Host Based C++ Timer took 643 us
Iteration: 8
Timer Host Based C++ Timer took 653 us
Iteration: 9
Timer Host Based C++ Timer took 647 us
Iteration: 10
Timer Host Based C++ Timer took 651 us
Iteration: 11
Timer Host Based C++ Timer took 648 us
Iteration: 12
Timer Host Based C++ Timer took 647 us
Iteration: 13
Timer Host Based C++ Timer took 651 us
Iteration: 14
Timer Host Based C++ Timer took 655 us
Iteration: 15
Timer Host Based C++ Timer took 647 us
Iteration: 16
Timer Host Based C++ Timer took 643 us
Iteration: 17
Timer Host Based C++ Timer took 649 us
Iteration: 18
Timer Host Based C++ Timer took 651 us
Iteration: 19
Timer Host Based C++ Timer took 649 us
Step 2 done.
Writing to: "/scratch/ybudanaz/icon-artifacts/velocity/gotwant/data_nproma20480/global_data_2.got"
Writing to: "/scratch/ybudanaz/icon-artifacts/velocity/gotwant/data_nproma20480/global_data_2.want"
Writing to: "/scratch/ybudanaz/icon-artifacts/velocity/gotwant/data_nproma20480/p_diag_2.got"
Writing to: "/scratch/ybudanaz/icon-artifacts/velocity/gotwant/data_nproma20480/p_diag_2.want"
Writing to: "/scratch/ybudanaz/icon-artifacts/velocity/gotwant/data_nproma20480/z_kin_hor_e_2.got"
Writing to: "/scratch/ybudanaz/icon-artifacts/velocity/gotwant/data_nproma20480/p_prog_2.want"
Writing to: "/scratch/ybudanaz/icon-artifacts/velocity/gotwant/data_nproma20480/p_prog_2.got"
Writing to: "/scratch/ybudanaz/icon-artifacts/velocity/gotwant/data_nproma20480/z_kin_hor_e_2.want"
Writing to: "/scratch/ybudanaz/icon-artifacts/velocity/gotwant/data_nproma20480/z_vt_ie_2.want"
Writing to: "/scratch/ybudanaz/icon-artifacts/velocity/gotwant/data_nproma20480/z_w_concorr_me_2.want"
Writing to: "/scratch/ybudanaz/icon-artifacts/velocity/gotwant/data_nproma20480/z_vt_ie_2.got"
Writing to: "/scratch/ybudanaz/icon-artifacts/velocity/gotwant/data_nproma20480/z_w_concorr_me_2.got"
Writing to: "/scratch/ybudanaz/icon-artifacts/velocity/gotwant/data_nproma20480/p_metrics_2.got"
Writing to: "/scratch/ybudanaz/icon-artifacts/velocity/gotwant/data_nproma20480/p_metrics_2.want"
Reading from: "data_nproma20480/z_w_concorr_me.t0.7.data"
Reading from: "data_nproma20480/z_vt_ie.t1.7.data"
Reading from: "data_nproma20480/ntnd.7.data"
Reading from: "data_nproma20480/lvn_only.7.data"
Reading from: "data_nproma20480/dt_linintp_ubc.7.data"
Reading from: "data_nproma20480/global_data.t1.7.data"
Reading from: "data_nproma20480/istep.7.data"
Reading from: "data_nproma20480/ldeepatmo.7.data"
Reading from: "data_nproma20480/p_patch.7.data"
Reading from: "data_nproma20480/p_prog.t1.7.data"
Reading from: "data_nproma20480/p_prog.t0.7.data"
Reading from: "data_nproma20480/p_int.7.data"
Reading from: "data_nproma20480/z_kin_hor_e.t1.7.data"
Reading from: "data_nproma20480/global_data.t0.7.data"
Reading from: "data_nproma20480/z_kin_hor_e.t0.7.data"
Reading from: "data_nproma20480/dtime.7.data"
Reading from: "data_nproma20480/p_diag.t0.7.data"
Reading from: "data_nproma20480/z_vt_ie.t0.7.data"
Reading from: "data_nproma20480/p_metrics.t0.7.data"
Reading from: "data_nproma20480/p_metrics.t1.7.data"
Reading from: "data_nproma20480/p_diag.t1.7.data"
Reading from: "data_nproma20480/z_w_concorr_me.t1.7.data"
Step 7 variables, extra_diffu: 1, istep: 1, lvn_only: 1, ldeepatmo: 0
Timer Host Based C++ Timer took 1293 us
Timer Host Based C++ Timer took 663 us
Timer Host Based C++ Timer took 661 us
Timer Host Based C++ Timer took 663 us
Timer Host Based C++ Timer took 664 us
Timer Host Based C++ Timer took 663 us
Timer Host Based C++ Timer took 665 us
Timer Host Based C++ Timer took 660 us
Timer Host Based C++ Timer took 688 us
Timer Host Based C++ Timer took 661 us
Timer Host Based C++ Timer took 664 us
Timer Host Based C++ Timer took 662 us
Timer Host Based C++ Timer took 663 us
Timer Host Based C++ Timer took 659 us
Timer Host Based C++ Timer took 664 us
Timer Host Based C++ Timer took 660 us
Timer Host Based C++ Timer took 662 us
Timer Host Based C++ Timer took 664 us
Timer Host Based C++ Timer took 661 us
Timer Host Based C++ Timer took 659 us
Step 7 done.
Writing to: "/scratch/ybudanaz/icon-artifacts/velocity/gotwant/data_nproma20480/global_data_7.got"
Writing to: "/scratch/ybudanaz/icon-artifacts/velocity/gotwant/data_nproma20480/global_data_7.want"
Writing to: "/scratch/ybudanaz/icon-artifacts/velocity/gotwant/data_nproma20480/p_diag_7.got"
Writing to: "/scratch/ybudanaz/icon-artifacts/velocity/gotwant/data_nproma20480/p_diag_7.want"
Writing to: "/scratch/ybudanaz/icon-artifacts/velocity/gotwant/data_nproma20480/z_kin_hor_e_7.got"
Writing to: "/scratch/ybudanaz/icon-artifacts/velocity/gotwant/data_nproma20480/p_prog_7.want"
Writing to: "/scratch/ybudanaz/icon-artifacts/velocity/gotwant/data_nproma20480/z_kin_hor_e_7.want"
Writing to: "/scratch/ybudanaz/icon-artifacts/velocity/gotwant/data_nproma20480/z_vt_ie_7.got"
Writing to: "/scratch/ybudanaz/icon-artifacts/velocity/gotwant/data_nproma20480/z_w_concorr_me_7.want"
Writing to: "/scratch/ybudanaz/icon-artifacts/velocity/gotwant/data_nproma20480/z_vt_ie_7.want"
Writing to: "/scratch/ybudanaz/icon-artifacts/velocity/gotwant/data_nproma20480/p_prog_7.got"
Writing to: "/scratch/ybudanaz/icon-artifacts/velocity/gotwant/data_nproma20480/z_w_concorr_me_7.got"
Writing to: "/scratch/ybudanaz/icon-artifacts/velocity/gotwant/data_nproma20480/p_metrics_7.got"
Writing to: "/scratch/ybudanaz/icon-artifacts/velocity/gotwant/data_nproma20480/p_metrics_7.want"
Reading from: "data_nproma20480/global_data.t1.9.data"
Reading from: "data_nproma20480/global_data.t0.9.data"
Reading from: "data_nproma20480/p_prog.t1.9.data"
Reading from: "data_nproma20480/z_kin_hor_e.t1.9.data"
Reading from: "data_nproma20480/z_kin_hor_e.t0.9.data"
Reading from: "data_nproma20480/p_prog.t0.9.data"
Reading from: "data_nproma20480/ldeepatmo.9.data"
Reading from: "data_nproma20480/lvn_only.9.data"
Reading from: "data_nproma20480/istep.9.data"
Reading from: "data_nproma20480/ntnd.9.data"
Reading from: "data_nproma20480/p_patch.9.data"
Reading from: "data_nproma20480/z_vt_ie.t0.9.data"
Reading from: "data_nproma20480/p_int.9.data"
Reading from: "data_nproma20480/p_metrics.t1.9.data"
Reading from: "data_nproma20480/p_metrics.t0.9.data"
Reading from: "data_nproma20480/dt_linintp_ubc.9.data"
Reading from: "data_nproma20480/dtime.9.data"
Reading from: "data_nproma20480/z_w_concorr_me.t1.9.data"
Reading from: "data_nproma20480/z_w_concorr_me.t0.9.data"
Reading from: "data_nproma20480/z_vt_ie.t1.9.data"
Reading from: "data_nproma20480/p_diag.t1.9.data"
Reading from: "data_nproma20480/p_diag.t0.9.data"
Step 9 variables, extra_diffu: 1, istep: 2, lvn_only: 0, ldeepatmo: 0
Iteration: 0
Timer Host Based C++ Timer took 655 us
Iteration: 1
Timer Host Based C++ Timer took 652 us
Iteration: 2
Timer Host Based C++ Timer took 645 us
Iteration: 3
Timer Host Based C++ Timer took 647 us
Iteration: 4
Timer Host Based C++ Timer took 649 us
Iteration: 5
Timer Host Based C++ Timer took 658 us
Iteration: 6
Timer Host Based C++ Timer took 650 us
Iteration: 7
Timer Host Based C++ Timer took 646 us
Iteration: 8
Timer Host Based C++ Timer took 642 us
Iteration: 9
Timer Host Based C++ Timer took 648 us
Iteration: 10
Timer Host Based C++ Timer took 644 us
Iteration: 11
Timer Host Based C++ Timer took 643 us
Iteration: 12
Timer Host Based C++ Timer took 644 us
Iteration: 13
Timer Host Based C++ Timer took 652 us
Iteration: 14
Timer Host Based C++ Timer took 647 us
Iteration: 15
Timer Host Based C++ Timer took 645 us
Iteration: 16
Timer Host Based C++ Timer took 647 us
Iteration: 17
Timer Host Based C++ Timer took 648 us
Iteration: 18
Timer Host Based C++ Timer took 646 us
Iteration: 19
Timer Host Based C++ Timer took 643 us
Step 9 done.
Writing to: "/scratch/ybudanaz/icon-artifacts/velocity/gotwant/data_nproma20480/global_data_9.got"
Writing to: "/scratch/ybudanaz/icon-artifacts/velocity/gotwant/data_nproma20480/global_data_9.want"
Writing to: "/scratch/ybudanaz/icon-artifacts/velocity/gotwant/data_nproma20480/p_diag_9.got"
Writing to: "/scratch/ybudanaz/icon-artifacts/velocity/gotwant/data_nproma20480/p_diag_9.want"
Writing to: "/scratch/ybudanaz/icon-artifacts/velocity/gotwant/data_nproma20480/z_kin_hor_e_9.got"
Writing to: "/scratch/ybudanaz/icon-artifacts/velocity/gotwant/data_nproma20480/p_prog_9.want"
Writing to: "/scratch/ybudanaz/icon-artifacts/velocity/gotwant/data_nproma20480/z_kin_hor_e_9.want"
Writing to: "/scratch/ybudanaz/icon-artifacts/velocity/gotwant/data_nproma20480/z_vt_ie_9.got"
Writing to: "/scratch/ybudanaz/icon-artifacts/velocity/gotwant/data_nproma20480/z_w_concorr_me_9.want"
Writing to: "/scratch/ybudanaz/icon-artifacts/velocity/gotwant/data_nproma20480/z_vt_ie_9.want"
Writing to: "/scratch/ybudanaz/icon-artifacts/velocity/gotwant/data_nproma20480/p_prog_9.got"
Writing to: "/scratch/ybudanaz/icon-artifacts/velocity/gotwant/data_nproma20480/z_w_concorr_me_9.got"
Writing to: "/scratch/ybudanaz/icon-artifacts/velocity/gotwant/data_nproma20480/p_metrics_9.got"
Writing to: "/scratch/ybudanaz/icon-artifacts/velocity/gotwant/data_nproma20480/p_metrics_9.want"
Reading from: "data_nproma20480/p_patch.43.data"
Reading from: "data_nproma20480/global_data.t1.43.data"
Reading from: "data_nproma20480/ldeepatmo.43.data"
Reading from: "data_nproma20480/z_vt_ie.t1.43.data"
Reading from: "data_nproma20480/ntnd.43.data"
Reading from: "data_nproma20480/dt_linintp_ubc.43.data"
Reading from: "data_nproma20480/lvn_only.43.data"
Reading from: "data_nproma20480/p_prog.t1.43.data"
Reading from: "data_nproma20480/dtime.43.data"
Reading from: "data_nproma20480/istep.43.data"
Reading from: "data_nproma20480/z_w_concorr_me.t0.43.data"
Reading from: "data_nproma20480/global_data.t0.43.data"
Reading from: "data_nproma20480/z_w_concorr_me.t1.43.data"
Reading from: "data_nproma20480/p_metrics.t0.43.data"
Reading from: "data_nproma20480/z_kin_hor_e.t1.43.data"
Reading from: "data_nproma20480/z_vt_ie.t0.43.data"
Reading from: "data_nproma20480/p_int.43.data"
Reading from: "data_nproma20480/p_metrics.t1.43.data"
Reading from: "data_nproma20480/z_kin_hor_e.t0.43.data"
Reading from: "data_nproma20480/p_diag.t0.43.data"
Reading from: "data_nproma20480/p_prog.t0.43.data"
Reading from: "data_nproma20480/p_diag.t1.43.data"
Step 43 variables, extra_diffu: 1, istep: 1, lvn_only: 1, ldeepatmo: 0
Timer Host Based C++ Timer took 666 us
Timer Host Based C++ Timer took 667 us
Timer Host Based C++ Timer took 662 us
Timer Host Based C++ Timer took 664 us
Timer Host Based C++ Timer took 667 us
Timer Host Based C++ Timer took 661 us
Timer Host Based C++ Timer took 664 us
Timer Host Based C++ Timer took 669 us
Timer Host Based C++ Timer took 662 us
Timer Host Based C++ Timer took 664 us
Timer Host Based C++ Timer took 662 us
Timer Host Based C++ Timer took 665 us
Timer Host Based C++ Timer took 664 us
Timer Host Based C++ Timer took 665 us
Timer Host Based C++ Timer took 668 us
Timer Host Based C++ Timer took 662 us
Timer Host Based C++ Timer took 663 us
Timer Host Based C++ Timer took 661 us
Timer Host Based C++ Timer took 664 us
Timer Host Based C++ Timer took 660 us
Step 43 done.
Writing to: "/scratch/ybudanaz/icon-artifacts/velocity/gotwant/data_nproma20480/global_data_43.got"
Writing to: "/scratch/ybudanaz/icon-artifacts/velocity/gotwant/data_nproma20480/global_data_43.want"
Writing to: "/scratch/ybudanaz/icon-artifacts/velocity/gotwant/data_nproma20480/p_diag_43.got"
Writing to: "/scratch/ybudanaz/icon-artifacts/velocity/gotwant/data_nproma20480/p_diag_43.want"
Writing to: "/scratch/ybudanaz/icon-artifacts/velocity/gotwant/data_nproma20480/z_kin_hor_e_43.got"
Writing to: "/scratch/ybudanaz/icon-artifacts/velocity/gotwant/data_nproma20480/p_prog_43.want"
Writing to: "/scratch/ybudanaz/icon-artifacts/velocity/gotwant/data_nproma20480/z_kin_hor_e_43.want"
Writing to: "/scratch/ybudanaz/icon-artifacts/velocity/gotwant/data_nproma20480/p_prog_43.got"
Writing to: "/scratch/ybudanaz/icon-artifacts/velocity/gotwant/data_nproma20480/z_vt_ie_43.want"
Writing to: "/scratch/ybudanaz/icon-artifacts/velocity/gotwant/data_nproma20480/z_w_concorr_me_43.want"
Writing to: "/scratch/ybudanaz/icon-artifacts/velocity/gotwant/data_nproma20480/z_vt_ie_43.got"
Writing to: "/scratch/ybudanaz/icon-artifacts/velocity/gotwant/data_nproma20480/z_w_concorr_me_43.got"
Writing to: "/scratch/ybudanaz/icon-artifacts/velocity/gotwant/data_nproma20480/p_metrics_43.got"
Writing to: "/scratch/ybudanaz/icon-artifacts/velocity/gotwant/data_nproma20480/p_metrics_43.want"
Reading from: "data_nproma20480/global_data.t0.93.data"
Reading from: "data_nproma20480/global_data.t1.93.data"
Reading from: "data_nproma20480/ldeepatmo.93.data"
Reading from: "data_nproma20480/ntnd.93.data"
Reading from: "data_nproma20480/z_kin_hor_e.t1.93.data"
Reading from: "data_nproma20480/p_prog.t0.93.data"
Reading from: "data_nproma20480/z_kin_hor_e.t0.93.data"
Reading from: "data_nproma20480/istep.93.data"
Reading from: "data_nproma20480/dtime.93.data"
Reading from: "data_nproma20480/dt_linintp_ubc.93.data"
Reading from: "data_nproma20480/lvn_only.93.data"
Reading from: "data_nproma20480/z_w_concorr_me.t1.93.data"
Reading from: "data_nproma20480/p_prog.t1.93.data"
Reading from: "data_nproma20480/z_vt_ie.t1.93.data"
Reading from: "data_nproma20480/z_vt_ie.t0.93.data"
Reading from: "data_nproma20480/p_int.93.data"
Reading from: "data_nproma20480/p_diag.t0.93.data"
Reading from: "data_nproma20480/p_patch.93.data"
Reading from: "data_nproma20480/z_w_concorr_me.t0.93.data"
Reading from: "data_nproma20480/p_metrics.t0.93.data"
Reading from: "data_nproma20480/p_metrics.t1.93.data"
Reading from: "data_nproma20480/p_diag.t1.93.data"
Step 93 variables, extra_diffu: 1, istep: 2, lvn_only: 0, ldeepatmo: 0
Iteration: 0
Timer Host Based C++ Timer took 650 us
Iteration: 1
Timer Host Based C++ Timer took 649 us
Iteration: 2
Timer Host Based C++ Timer took 650 us
Iteration: 3
Timer Host Based C++ Timer took 651 us
Iteration: 4
Timer Host Based C++ Timer took 652 us
Iteration: 5
Timer Host Based C++ Timer took 650 us
Iteration: 6
Timer Host Based C++ Timer took 647 us
Iteration: 7
Timer Host Based C++ Timer took 650 us
Iteration: 8
Timer Host Based C++ Timer took 645 us
Iteration: 9
Timer Host Based C++ Timer took 646 us
Iteration: 10
Timer Host Based C++ Timer took 650 us
Iteration: 11
Timer Host Based C++ Timer took 644 us
Iteration: 12
Timer Host Based C++ Timer took 646 us
Iteration: 13
Timer Host Based C++ Timer took 649 us
Iteration: 14
Timer Host Based C++ Timer took 648 us
Iteration: 15
Timer Host Based C++ Timer took 642 us
Iteration: 16
Timer Host Based C++ Timer took 649 us
Iteration: 17
Timer Host Based C++ Timer took 648 us
Iteration: 18
Timer Host Based C++ Timer took 653 us
Iteration: 19
Timer Host Based C++ Timer took 650 us
